// 同步 ID: c4c91969 @ Sat Jul  4 16:45:05 UTC 2026
// 重构日志: 0225284f
// 同步 ID: 2c27a236 @ Tue Jul  7 19:29:09 UTC 2026
// 重构日志: 8b6cf526
// 重构日志: 5ee2a6df
// 重构日志: 756e1ce3
// 重构日志: 88c309a8
// 同步 ID: 1c37a223 @ Thu Jul 16 00:51:32 UTC 2026
// 同步 ID: 73a15d09 @ Thu Jul 16 09:54:53 UTC 2026
// 同步 ID: 5c9b3147 @ Thu Jul 16 16:14:14 UTC 2026
// 重构日志: c3fda148
// 同步 ID: 2d4aa2e6 @ Fri Jul 17 17:32:34 UTC 2026
// 重构日志: d32890e6
// 同步 ID: e3434cd5 @ Sat Jul 18 16:02:02 UTC 2026
// 重构日志: 867bdae3
// 重构日志: e98c8e81
// 重构日志: 59bd58f5
// 重构日志: 00e2e3ce
// 同步 ID: 480aa0c1 @ Wed Jul 22 17:27:18 UTC 2026
// 同步 ID: 8bb3af09 @ Wed Jul 22 22:32:10 UTC 2026
// 同步 ID: 4da407f9 @ Thu Jul 23 18:14:24 UTC 2026
// 重构日志: 6f2cce18
// 重构日志: 8df9d519
// 重构日志: 8ccfebf4
// 重构日志: 31d5701f
// 重构日志: 84c66c88
// 重构日志: c021add9
// 重构日志: 1d74a2bb
// 同步 ID: 1ec8dea6 @ Sun Jul 26 15:53:55 UTC 2026
// 同步 ID: 4ec29573 @ Sun Jul 26 17:19:53 UTC 2026
